* daemon not running; starting now at tcp:5037
* daemon started successfully

(venv) C:\dev\remotePC_batchfiles\pubsub\appium_aos>(adb -s List shell am force-stop com.lguplus.mobile.cs ) 
adb.exe: device 'List' not found

(venv) C:\dev\remotePC_batchfiles\pubsub\appium_aos>(adb -s R3CTA081TAW shell am force-stop com.lguplus.mobile.cs ) 
2024-05-21 09:15:35,307 - [FAIL] - u+ ID 로그인 정상 동작 확인 실패
Success
Success
ERROR: The process "node.exe" not found.
Exception in thread Thread-1 (Z_FLIP3_TEST_CASE):
Traceback (most recent call last):
  File "C:\dev\remotePC_batchfiles\pubsub\appium_aos\__main__.py", line 455, in Z_FLIP3_TEST_CASE
    test.TestCase_Z_FLIP3()
  File "C:\dev\remotePC_batchfiles\pubsub\appium_aos\__main__.py", line 67, in TestCase_Z_FLIP3
    res = self.LoginPage.u_plus_login_retry(2)
          ^^^^^^^^^^^^^^^^^^^^^^^^^^^^^^^^^^^^
  File "C:\dev\remotePC_batchfiles\pubsub\appium_aos\pages\login.py", line 390, in u_plus_login_retry
    self.driver.refresh()
  File "C:\dev\remotePC_batchfiles\pubsub\venv\Lib\site-packages\selenium\webdriver\remote\webdriver.py", line 571, in refresh
    self.execute(Command.REFRESH)
  File "C:\dev\remotePC_batchfiles\pubsub\venv\Lib\site-packages\selenium\webdriver\remote\webdriver.py", line 348, in execute
    self.error_handler.check_response(response)
  File "C:\dev\remotePC_batchfiles\pubsub\venv\Lib\site-packages\appium\webdriver\errorhandler.py", line 125, in check_response
    raise exception_class(msg=message, stacktrace=format_stacktrace(stacktrace))
selenium.common.exceptions.UnknownMethodException: Message: The requested resource could not be found, or a request was received using an HTTP method that is not supported by the mapped resource
Stacktrace:
io.appium.uiautomator2.common.exceptions.UnknownCommandException: The requested resource could not be found, or a request was received using an HTTP method that is not supported by the mapped resource
	at io.appium.uiautomator2.http.ServerHandler.channelRead(ServerHandler.java:84)
	at io.netty.channel.AbstractChannelHandlerContext.invokeChannelRead(AbstractChannelHandlerContext.java:366)
	at io.netty.channel.AbstractChannelHandlerContext.invokeChannelRead(AbstractChannelHandlerContext.java:352)
	at io.netty.channel.AbstractChannelHandlerContext.fireChannelRead(AbstractChannelHandlerContext.java:345)
	at io.netty.handler.codec.MessageToMessageDecoder.channelRead(MessageToMessageDecoder.java:102)
	at io.netty.channel.AbstractChannelHandlerContext.invokeChannelRead(AbstractChannelHandlerContext.java:366)
	at io.netty.channel.AbstractChannelHandlerContext.invokeChannelRead(AbstractChannelHandlerContext.java:352)
	at io.netty.channel.AbstractChannelHandlerContext.fireChannelRead(AbstractChannelHandlerContext.java:345)
	at io.netty.channel.CombinedChannelDuplexHandler$DelegatingChannelHandlerContext.fireChannelRead(CombinedChannelDuplexHandler.java:435)
	at io.netty.handler.codec.ByteToMessageDecoder.fireChannelRead(ByteToMessageDecoder.java:293)
	at io.netty.handler.codec.ByteToMessageDecoder.channelRead(ByteToMessageDecoder.java:267)
	at io.netty.channel.CombinedChannelDuplexHandler.channelRead(CombinedChannelDuplexHandler.java:250)
	at io.netty.channel.AbstractChannelHandlerContext.invokeChannelRead(AbstractChannelHandlerContext.java:366)
	at io.netty.channel.AbstractChannelHandlerContext.invokeChannelRead(AbstractChannelHandlerContext.java:352)
	at io.netty.channel.AbstractChannelHandlerContext.fireChannelRead(AbstractChannelHandlerContext.java:345)
	at io.netty.handler.timeout.IdleStateHandler.channelRead(IdleStateHandler.java:266)
	at io.netty.channel.AbstractChannelHandlerContext.invokeChannelRead(AbstractChannelHandlerContext.java:366)
	at io.netty.channel.AbstractChannelHandlerContext.invokeChannelRead(AbstractChannelHandlerContext.java:352)
	at io.netty.channel.AbstractChannelHandlerContext.fireChannelRead(AbstractChannelHandlerContext.java:345)
	at io.netty.channel.DefaultChannelPipeline$HeadContext.channelRead(DefaultChannelPipeline.java:1294)
	at io.netty.channel.AbstractChannelHandlerContext.invokeChannelRead(AbstractChannelHandlerContext.java:366)
	at io.netty.channel.AbstractChannelHandlerContext.invokeChannelRead(AbstractChannelHandlerContext.java:352)
	at io.netty.channel.DefaultChannelPipeline.fireChannelRead(DefaultChannelPipeline.java:911)
	at io.netty.channel.nio.AbstractNioByteChannel$NioByteUnsafe.read(AbstractNioByteChannel.java:131)
	at io.netty.channel.nio.NioEventLoop.processSelectedKey(NioEventLoop.java:611)
	at io.netty.channel.nio.NioEventLoop.processSelectedKeysOptimized(NioEventLoop.java:552)
	at io.netty.channel.nio.NioEventLoop.processSelectedKeys(NioEventLoop.java:466)
	at io.netty.channel.nio.NioEventLoop.run(NioEventLoop.java:438)
	at io.netty.util.concurrent.SingleThreadEventExecutor$2.run(SingleThreadEventExecutor.java:140)
	at io.netty.util.concurrent.DefaultThreadFactory$DefaultRunnableDecorator.run(DefaultThreadFactory.java:144)
	at java.lang.Thread.run(Thread.java:1012)


During handling of the above exception, another exception occurred:

Traceback (most recent call last):
  File "C:\Users\User\AppData\Local\Programs\Python\Python312\Lib\threading.py", line 1073, in _bootstrap_inner
    self.run()
  File "C:\Users\User\AppData\Local\Programs\Python\Python312\Lib\threading.py", line 1010, in run
    self._target(*self._args, **self._kwargs)
  File "C:\dev\remotePC_batchfiles\pubsub\appium_aos\__main__.py", line 462, in Z_FLIP3_TEST_CASE
    raise RuntimeError(e)
RuntimeError: Message: The requested resource could not be found, or a request was received using an HTTP method that is not supported by the mapped resource
Stacktrace:
io.appium.uiautomator2.common.exceptions.UnknownCommandException: The requested resource could not be found, or a request was received using an HTTP method that is not supported by the mapped resource
	at io.appium.uiautomator2.http.ServerHandler.channelRead(ServerHandler.java:84)
	at io.netty.channel.AbstractChannelHandlerContext.invokeChannelRead(AbstractChannelHandlerContext.java:366)
	at io.netty.channel.AbstractChannelHandlerContext.invokeChannelRead(AbstractChannelHandlerContext.java:352)
	at io.netty.channel.AbstractChannelHandlerContext.fireChannelRead(AbstractChannelHandlerContext.java:345)
	at io.netty.handler.codec.MessageToMessageDecoder.channelRead(MessageToMessageDecoder.java:102)
	at io.netty.channel.AbstractChannelHandlerContext.invokeChannelRead(AbstractChannelHandlerContext.java:366)
	at io.netty.channel.AbstractChannelHandlerContext.invokeChannelRead(AbstractChannelHandlerContext.java:352)
	at io.netty.channel.AbstractChannelHandlerContext.fireChannelRead(AbstractChannelHandlerContext.java:345)
	at io.netty.channel.CombinedChannelDuplexHandler$DelegatingChannelHandlerContext.fireChannelRead(CombinedChannelDuplexHandler.java:435)
	at io.netty.handler.codec.ByteToMessageDecoder.fireChannelRead(ByteToMessageDecoder.java:293)
	at io.netty.handler.codec.ByteToMessageDecoder.channelRead(ByteToMessageDecoder.java:267)
	at io.netty.channel.CombinedChannelDuplexHandler.channelRead(CombinedChannelDuplexHandler.java:250)
	at io.netty.channel.AbstractChannelHandlerContext.invokeChannelRead(AbstractChannelHandlerContext.java:366)
	at io.netty.channel.AbstractChannelHandlerContext.invokeChannelRead(AbstractChannelHandlerContext.java:352)
	at io.netty.channel.AbstractChannelHandlerContext.fireChannelRead(AbstractChannelHandlerContext.java:345)
	at io.netty.handler.timeout.IdleStateHandler.channelRead(IdleStateHandler.java:266)
	at io.netty.channel.AbstractChannelHandlerContext.invokeChannelRead(AbstractChannelHandlerContext.java:366)
	at io.netty.channel.AbstractChannelHandlerContext.invokeChannelRead(AbstractChannelHandlerContext.java:352)
	at io.netty.channel.AbstractChannelHandlerContext.fireChannelRead(AbstractChannelHandlerContext.java:345)
	at io.netty.channel.DefaultChannelPipeline$HeadContext.channelRead(DefaultChannelPipeline.java:1294)
	at io.netty.channel.AbstractChannelHandlerContext.invokeChannelRead(AbstractChannelHandlerContext.java:366)
	at io.netty.channel.AbstractChannelHandlerContext.invokeChannelRead(AbstractChannelHandlerContext.java:352)
	at io.netty.channel.DefaultChannelPipeline.fireChannelRead(DefaultChannelPipeline.java:911)
	at io.netty.channel.nio.AbstractNioByteChannel$NioByteUnsafe.read(AbstractNioByteChannel.java:131)
	at io.netty.channel.nio.NioEventLoop.processSelectedKey(NioEventLoop.java:611)
	at io.netty.channel.nio.NioEventLoop.processSelectedKeysOptimized(NioEventLoop.java:552)
	at io.netty.channel.nio.NioEventLoop.processSelectedKeys(NioEventLoop.java:466)
	at io.netty.channel.nio.NioEventLoop.run(NioEventLoop.java:438)
	at io.netty.util.concurrent.SingleThreadEventExecutor$2.run(SingleThreadEventExecutor.java:140)
	at io.netty.util.concurrent.DefaultThreadFactory$DefaultRunnableDecorator.run(DefaultThreadFactory.java:144)
	at java.lang.Thread.run(Thread.java:1012)

C:/Users/User/.wdm/drivers/chromedriver/win32/102.0.5005.61/chromedriver.exe
C:/Users/User/.wdm/drivers/chromedriver/win32/102.0.5005.61/chromedriver.exe
C:/Users/User/.wdm/drivers/chromedriver/win32/102.0.5005.61/chromedriver.exe
C:/Users/User/.wdm/drivers/chromedriver/win32/102.0.5005.61/chromedriver.exe
C:/Users/User/.wdm/drivers/chromedriver/win32/102.0.5005.61/chromedriver.exe
===== test thread start =====
4723 는 사용가능한 포트 입니다.
appium -a 0.0.0.0 -p 4723 > C:\dev\remotePC_batchfiles\pubsub\appium_aos\result\debug\server_step_4723.log 2>&1
1
resp.status ==> 200
{"value":{"ready":true,"message":"The server is ready to accept new connections","build":{"version":"2.5.4"}}}
--------------- Appium Server Starting ---------------
parent path: C:\dev\remotePC_batchfiles\pubsub\appium_aos
.wdm\drivers\chromedriver\win32\126.0.6478.7_beta\chromedriver.exe
----------------------------------------
{'platformName': 'Android', 'appium:options': {'automationName': 'UiAutomator2', 'udid': 'R3CTA081TAW', 'platformVersion': '12', 'isRealMobile': True, 'appActivity': 'com.lguplus.mobile.cs.activity.main.MainActivity', 'appPackage': 'com.lguplus.mobile.cs', 'setWebContentsDebuggingEnabled': True, 'appWaitPackage': 'com.lguplus.mobile.cs', 'noReset': True, 'disableWindowAnimation': True, 'ensureWebviewsHavePages': True, 'app': 'C:\\dev\\remotePC_batchfiles\\pubsub\\appium_aos\\mobileCS_release_v6.0.33(337)_20240205_1537.apk', 'chromedriverExecutable': 'C:\\Users\\User\\.wdm\\drivers\\chromedriver\\win32\\126.0.6478.7_beta\\chromedriver.exe'}}
----------------------------------------
normal
--------------- Appium Remote AOS Devices ---------------
<Cell 'Sheet'.A1> == <Cell 'Sheet'.A1>
[{"type": "header", "text": {"type": "plain_text", "text": "android 실행 시작"}}]
['NATIVE_APP', 'WEBVIEW_chrome', 'WEBVIEW_com.lguplus.mobile.cs']
current => NATIVE_APP
1
2
해당 페이지에서 요소를 찾을 수 없습니다. => try count: 1
해당 페이지에서 요소를 찾을 수 없습니다. => try count: 2
해당 페이지에서 요소를 찾을 수 없습니다. => try count: 3
3
----------------------------------------------------
APP 로그인 페이지 진입
['NATIVE_APP', 'WEBVIEW_chrome', 'WEBVIEW_com.lguplus.mobile.cs']
current => WEBVIEW_com.lguplus.mobile.cs
driver => <appium.webdriver.webdriver.WebDriver (session="d4794702-bfe0-4608-ae97-01be2d402325")>
----------------------------------------------------
해당 페이지에서 요소를 찾을 수 없습니다. => try count: 1
해당 페이지에서 요소를 찾을 수 없습니다. => try count: 2
해당 페이지에서 요소를 찾을 수 없습니다. => try count: 3
Success


complete
logout_text ->로그인
비로그인 상태
complete
complete
current_url => : https://app.lguplus.com/apcm/login
tmk3602@naver.com
rlaxorals1!
complete
현재 페이지 views -> ['NATIVE_APP', 'WEBVIEW_com.lguplus.mobile.cs']
switch_viwe 실행 전 뷰 : WEBVIEW_com.lguplus.mobile.cs
['NATIVE_APP', 'WEBVIEW_com.lguplus.mobile.cs']
switch_viwe 실행 후 뷰 : NATIVE_APP
timeout = 2
NATIVE_APP
현재 페이지 views -> ['NATIVE_APP', 'WEBVIEW_com.lguplus.mobile.cs']
switch_viwe 실행 전 뷰 : NATIVE_APP
['NATIVE_APP', 'WEBVIEW_com.lguplus.mobile.cs']
Message: No such context found.
Stacktrace:
NoSuchContextError: No such context found.
    at AndroidUiautomator2Driver.setContext (C:\Users\User\.appium\node_modules\appium-uiautomator2-driver\node_modules\appium-android-driver\lib\commands\context\exports.js:61:11)
해당 페이지에서 요소를 찾을 수 없습니다. => try count: 1
해당 페이지에서 요소를 찾을 수 없습니다. => try count: 2
해당 페이지에서 요소를 찾을 수 없습니다. => try count: 3
현재 페이지 views -> ['NATIVE_APP']
switch_viwe 실행 전 뷰 : NATIVE_APP
['NATIVE_APP']
switch_viwe 실행 후 뷰 : NATIVE_APP
timeout = 2
NATIVE_APP
해당 페이지에서 요소를 찾을 수 없습니다. => try count: 1
해당 페이지에서 요소를 찾을 수 없습니다. => try count: 2
해당 페이지에서 요소를 찾을 수 없습니다. => try count: 3
현재 페이지 views -> ['NATIVE_APP']
switch_viwe 실행 전 뷰 : NATIVE_APP
['NATIVE_APP']
Message: No such context found.
Stacktrace:
NoSuchContextError: No such context found.
    at AndroidUiautomator2Driver.setContext (C:\Users\User\.appium\node_modules\appium-uiautomator2-driver\node_modules\appium-android-driver\lib\commands\context\exports.js:61:11)
----------- appium server stop -----------
True
===== test thread end =====
