2023-09-14 08:58:09,638 - [PASS] - 간편 로그인 정상 동작 확인 성공
2023-09-14 08:58:56,438 - [PASS] - 메인 페이지(로그인 후) 정상 노출 확인 성공
2023-09-14 08:59:01,778 - [PASS] - 내 가입정보 페이지 정상 이동 및 노출 확인 성공
2023-09-14 08:59:19,715 - [PASS] - 마이페이지 정상 노출 및 기능 동작 확인 성공
2023-09-14 08:59:38,097 - [PASS] - 마이페이지 > 청구요금 및 납부 > 청구요금 및 납부내역에 대한 동작 및 정보 확인 성공
2023-09-14 08:59:51,824 - [PASS] - 마이페이지 > 멤버십 > 로그인 된 유저의 멤버십 정보 및 이용 내역 정상 동작 확인 성공
2023-09-14 09:00:25,124 - [PASS] - 모바일 요금제 페이지 정상 노출 및 요금제 신청/변경 기능 동작 확인 성공
2023-09-14 09:00:40,684 - [FAIL] - LTE 정상 노출 실패
2023-09-14 09:00:40,684 - [FAIL] - 모바일 요금제 > 요금제 페이지 정상 노출 및 요금제 신청/변경 기능 동작 확인 실패
===== test thread start =====
1
resp.status ==> 200
{"value":{"build":{"version":"2.0.1"}}}
resp.status ==> 200
{"value":{"build":{"version":"2.0.1"}}}
--------------- Appium Server Starting ---------------
--------------- Appium Remote AOS Devices ---------------
{'ok': True, 'channel': 'C04F5T84SLS', 'ts': '1694649459.905509', 'message': {'bot_id': 'B04G5292QM8', 'type': 'message', 'text': '----------- S23 ----------', 'user': 'U04G4UB82MR', 'ts': '1694649459.905509', 'app_id': 'A04EQSRFG3H', 'blocks': [{'type': 'rich_text', 'block_id': 'fEGD8', 'elements': [{'type': 'rich_text_section', 'elements': [{'type': 'text', 'text': '----------- S23 ----------'}]}]}], 'team': 'T03DFLXTMQ9', 'bot_profile': {'id': 'B04G5292QM8', 'app_id': 'A04EQSRFG3H', 'name': 'jenkins-notification', 'icons': {'image_36': 'https://a.slack-edge.com/80588/img/plugins/app/bot_36.png', 'image_48': 'https://a.slack-edge.com/80588/img/plugins/app/bot_48.png', 'image_72': 'https://a.slack-edge.com/80588/img/plugins/app/service_72.png'}, 'deleted': False, 'updated': 1671612802, 'team_id': 'T03DFLXTMQ9'}}}
----------------------------------------------------
APP 로그인 페이지 진입
['NATIVE_APP', 'WEBVIEW_com.lguplus.mobile.cs']
current => WEBVIEW_com.lguplus.mobile.cs
driver => <appium.webdriver.webdriver.WebDriver (session="4e4ee1e2-2abb-46f3-8113-3088f18ce96c")>
----------------------------------------------------
로딩 완료
{'ok': True, 'channel': 'C04F5T84SLS', 'ts': '1694649488.578179', 'message': {'bot_id': 'B04G5292QM8', 'type': 'message', 'text': '[PASS] - 간편 로그인 정상 동작 확인 성공', 'user': 'U04G4UB82MR', 'ts': '1694649488.578179', 'app_id': 'A04EQSRFG3H', 'blocks': [{'type': 'rich_text', 'block_id': 'ZAQu', 'elements': [{'type': 'rich_text_section', 'elements': [{'type': 'text', 'text': '[PASS] - 간편 로그인 정상 동작 확인 성공'}]}]}], 'team': 'T03DFLXTMQ9', 'bot_profile': {'id': 'B04G5292QM8', 'app_id': 'A04EQSRFG3H', 'name': 'jenkins-notification', 'icons': {'image_36': 'https://a.slack-edge.com/80588/img/plugins/app/bot_36.png', 'image_48': 'https://a.slack-edge.com/80588/img/plugins/app/bot_48.png', 'image_72': 'https://a.slack-edge.com/80588/img/plugins/app/service_72.png'}, 'deleted': False, 'updated': 1671612802, 'team_id': 'T03DFLXTMQ9'}}}
데이터
청구금액
전체보기
더보기
실시간 요금
데이터 주고받기
혜택 모아보기
요금 할인 혜택
더 받을 수 있는 혜택/정보
휴대폰결제 이용금액
일반/정기
스토어/콘텐츠
결제
나의 요금 정보
요금제
부가서비스
유료
무료
[True, True, True, True]
swipping 0
로딩 완료
https://app.lguplus.com/apcm/benefit/report?tab=1
swipping 0
로딩 완료
https://app.lguplus.com/apcm/benefit/report?tab=2
swipping 0
loading_finished
https://app.lguplus.com/apcm/mypage/hpss/usage-list
swipping 0
loading_finished
https://app.lguplus.com/mypage/price-plan/mobile
swipping 0
loading_finished
https://app.lguplus.com/mypage/sub-service/mobile
요금제 영역 pagenation([<appium.webdriver.webelement.WebElement (session="4e4ee1e2-2abb-46f3-8113-3088f18ce96c", element="6E3EE5BE62A95846DFFFD9595073B032_element_2426")>, <appium.webdriver.webelement.WebElement (session="4e4ee1e2-2abb-46f3-8113-3088f18ce96c", element="6E3EE5BE62A95846DFFFD9595073B032_element_2427")>, <appium.webdriver.webelement.WebElement (session="4e4ee1e2-2abb-46f3-8113-3088f18ce96c", element="6E3EE5BE62A95846DFFFD9595073B032_element_2428")>, <appium.webdriver.webelement.WebElement (session="4e4ee1e2-2abb-46f3-8113-3088f18ce96c", element="6E3EE5BE62A95846DFFFD9595073B032_element_2429")>]) == 콘텐츠 이미지 수([<appium.webdriver.webelement.WebElement (session="4e4ee1e2-2abb-46f3-8113-3088f18ce96c", element="6E3EE5BE62A95846DFFFD9595073B032_element_2426")>, <appium.webdriver.webelement.WebElement (session="4e4ee1e2-2abb-46f3-8113-3088f18ce96c", element="6E3EE5BE62A95846DFFFD9595073B032_element_2427")>, <appium.webdriver.webelement.WebElement (session="4e4ee1e2-2abb-46f3-8113-3088f18ce96c", element="6E3EE5BE62A95846DFFFD9595073B032_element_2428")>, <appium.webdriver.webelement.WebElement (session="4e4ee1e2-2abb-46f3-8113-3088f18ce96c", element="6E3EE5BE62A95846DFFFD9595073B032_element_2429")>])
['갤럭시 Buddy 2 (SM-M236L)', '월 55,000원', '자세히 보기']
data_list => {'title': ['갤럭시', 'Buddy', '2', '(SM-M236L)'], 'price': '55,000'}
임의 추천 기기 링크 이동 => 갤럭시 Buddy 2 (SM-M236L)
월 55,000원
자세히 보기
price_text => 55,000 in 55,000원
title_text => ['갤럭시', 'Buddy', '2', '(SM-M236L)'] in Galaxy Buddy 2 (SM-M236L)
[False, True, True, True]
{'ok': True, 'channel': 'C04F5T84SLS', 'ts': '1694649535.447229', 'message': {'bot_id': 'B04G5292QM8', 'type': 'message', 'text': '[PASS] - 메인 페이지(로그인 후) 정상 노출 확인 성공', 'user': 'U04G4UB82MR', 'ts': '1694649535.447229', 'app_id': 'A04EQSRFG3H', 'blocks': [{'type': 'rich_text', 'block_id': 'bOB', 'elements': [{'type': 'rich_text_section', 'elements': [{'type': 'text', 'text': '[PASS] - 메인 페이지(로그인 후) 정상 노출 확인 성공'}]}]}], 'team': 'T03DFLXTMQ9', 'bot_profile': {'id': 'B04G5292QM8', 'app_id': 'A04EQSRFG3H', 'name': 'jenkins-notification', 'icons': {'image_36': 'https://a.slack-edge.com/80588/img/plugins/app/bot_36.png', 'image_48': 'https://a.slack-edge.com/80588/img/plugins/app/bot_48.png', 'image_72': 'https://a.slack-edge.com/80588/img/plugins/app/service_72.png'}, 'deleted': False, 'updated': 1671612802, 'team_id': 'T03DFLXTMQ9'}}}
로딩 완료
myinfo_url current url => https://app.lguplus.com/mypage/info
{'모바일': '모바일\n메뉴 더보기\n이용 중인 요금제\n\nLG U+ 업무용 (5G)\n\n가입서비스명\n\n모바일 (010-83**-83**)\n\n가입일(재가입일)\n\n2023-05-24(-)\n\n상세 보기\n요금제 변경\n번호 변경\n기기 변경'}
모바일 >>
이용 중인 요금제
가입서비스명
가입일
상세 보기
요금제 변경
번호 변경
기기 변경
{'ok': True, 'channel': 'C04F5T84SLS', 'ts': '1694649540.746059', 'message': {'bot_id': 'B04G5292QM8', 'type': 'message', 'text': '[PASS] - 내 가입정보 페이지 정상 이동 및 노출 확인 성공', 'user': 'U04G4UB82MR', 'ts': '1694649540.746059', 'app_id': 'A04EQSRFG3H', 'blocks': [{'type': 'rich_text', 'block_id': '=yI', 'elements': [{'type': 'rich_text_section', 'elements': [{'type': 'text', 'text': '[PASS] - 내 가입정보 페이지 정상 이동 및 노출 확인 성공'}]}]}], 'team': 'T03DFLXTMQ9', 'bot_profile': {'id': 'B04G5292QM8', 'app_id': 'A04EQSRFG3H', 'name': 'jenkins-notification', 'icons': {'image_36': 'https://a.slack-edge.com/80588/img/plugins/app/bot_36.png', 'image_48': 'https://a.slack-edge.com/80588/img/plugins/app/bot_48.png', 'image_72': 'https://a.slack-edge.com/80588/img/plugins/app/service_72.png'}, 'deleted': False, 'updated': 1671612802, 'team_id': 'T03DFLXTMQ9'}}}
loading_finished
loading_finished
loading_finished
current_url => : https://app.lguplus.com/mypage
모바일 정보 있음~~~~~~~~~~~~~~~~~~~~~~~~~~~~~~~~~~~~~~~~~~~~~
모바일 if 문으로 진입<<<<<<<<<<<<<<<<<<<<<<<<<<<<<<<<<<<<<<<<<<<<<<<<
총 제공량
사용량
잔여량
청구 및 납부정보
청구요금
모바일
모바일
마이페이지 > 서브메인 > 인터넷 정보 없음
마이페이지 > 서브메인 > 결합 정보 없음
{'ok': True, 'channel': 'C04F5T84SLS', 'ts': '1694649558.678859', 'message': {'bot_id': 'B04G5292QM8', 'type': 'message', 'text': '[PASS] - 마이페이지 정상 노출 및 기능 동작 확인 성공', 'user': 'U04G4UB82MR', 'ts': '1694649558.678859', 'app_id': 'A04EQSRFG3H', 'blocks': [{'type': 'rich_text', 'block_id': 'a0B7', 'elements': [{'type': 'rich_text_section', 'elements': [{'type': 'text', 'text': '[PASS] - 마이페이지 정상 노출 및 기능 동작 확인 성공'}]}]}], 'team': 'T03DFLXTMQ9', 'bot_profile': {'id': 'B04G5292QM8', 'app_id': 'A04EQSRFG3H', 'name': 'jenkins-notification', 'icons': {'image_36': 'https://a.slack-edge.com/80588/img/plugins/app/bot_36.png', 'image_48': 'https://a.slack-edge.com/80588/img/plugins/app/bot_48.png', 'image_72': 'https://a.slack-edge.com/80588/img/plugins/app/service_72.png'}, 'deleted': False, 'updated': 1671612802, 'team_id': 'T03DFLXTMQ9'}}}
loading_finished
loading_finished
loading_finished
current_url => : https://app.lguplus.com/mypage/payinfo
로딩 완료
이잉??????????   모바일 in 통합모바일    ====>      True
이잉??????????   모바일 in 기타    ====>      False
마이페이지 > 청구요금 및 납부 > 모바일 정보 없음
로딩 완료
이잉??????????   인터넷 in 통합모바일    ====>      False
이잉??????????   인터넷 in 기타    ====>      False
마이페이지 > 청구요금 및 납부 > 인터넷 정보 없음
로딩 완료
이잉??????????   결합 in 통합모바일    ====>      False
이잉??????????   결합 in 기타    ====>      False
마이페이지 > 청구요금 및 납부 > 결합 정보 없음
{'ok': True, 'channel': 'C04F5T84SLS', 'ts': '1694649577.052029', 'message': {'bot_id': 'B04G5292QM8', 'type': 'message', 'text': '[PASS] - 마이페이지 &gt; 청구요금 및 납부 &gt; 청구요금 및 납부내역에 대한 동작 및 정보 확인 성공', 'user': 'U04G4UB82MR', 'ts': '1694649577.052029', 'app_id': 'A04EQSRFG3H', 'blocks': [{'type': 'rich_text', 'block_id': 'Zwqs1', 'elements': [{'type': 'rich_text_section', 'elements': [{'type': 'text', 'text': '[PASS] - 마이페이지 > 청구요금 및 납부 > 청구요금 및 납부내역에 대한 동작 및 정보 확인 성공'}]}]}], 'team': 'T03DFLXTMQ9', 'bot_profile': {'id': 'B04G5292QM8', 'app_id': 'A04EQSRFG3H', 'name': 'jenkins-notification', 'icons': {'image_36': 'https://a.slack-edge.com/80588/img/plugins/app/bot_36.png', 'image_48': 'https://a.slack-edge.com/80588/img/plugins/app/bot_48.png', 'image_72': 'https://a.slack-edge.com/80588/img/plugins/app/service_72.png'}, 'deleted': False, 'updated': 1671612802, 'team_id': 'T03DFLXTMQ9'}}}
loading_finished
loading_finished
로딩 완료
current_url => : https://app.lguplus.com/mypage/membership?param=use&p=2
멤버십 카드 신청 및 재발급
이번 달 멤버십 등급
나만의 콕 혜택
누적할인 금액
월별 할인 혜택 이용정보
연월
멤버십등급
할인 혜택
올해 누적할인
기간별 이용내역 조회
조회기간
1주일
1개월
3개월
기간설정
조회
누적 할인혜택
총
기간별 이용내역 조회 결과
사용일
사용처
누적 할인 혜택
한도
승인
[True, True]
scrolling
멤버십 등급 변경내역
연월
멤버십 등급
이용 요금제
비고
[True]
멤버십 카드 신청 및 재발급
자주하는 질문
1:1 문의
[True, True]
{'ok': True, 'channel': 'C04F5T84SLS', 'ts': '1694649590.787069', 'message': {'bot_id': 'B04G5292QM8', 'type': 'message', 'text': '[PASS] - 마이페이지 &gt; 멤버십 &gt; 로그인 된 유저의 멤버십 정보 및 이용 내역 정상 동작 확인 성공', 'user': 'U04G4UB82MR', 'ts': '1694649590.787069', 'app_id': 'A04EQSRFG3H', 'blocks': [{'type': 'rich_text', 'block_id': 'asq6m', 'elements': [{'type': 'rich_text_section', 'elements': [{'type': 'text', 'text': '[PASS] - 마이페이지 > 멤버십 > 로그인 된 유저의 멤버십 정보 및 이용 내역 정상 동작 확인 성공'}]}]}], 'team': 'T03DFLXTMQ9', 'bot_profile': {'id': 'B04G5292QM8', 'app_id': 'A04EQSRFG3H', 'name': 'jenkins-notification', 'icons': {'image_36': 'https://a.slack-edge.com/80588/img/plugins/app/bot_36.png', 'image_48': 'https://a.slack-edge.com/80588/img/plugins/app/bot_48.png', 'image_72': 'https://a.slack-edge.com/80588/img/plugins/app/service_72.png'}, 'deleted': False, 'updated': 1671612802, 'team_id': 'T03DFLXTMQ9'}}}
loading_finished
loading_finished
로딩 완료
current_url => : https://app.lguplus.com/plan
loading_finished
loading_finished
로딩 완료
current_url => : https://app.lguplus.com/plan
price_select >>>>>>>>>>>>>>>>>>>>>>>>  105000
내게 맞는 요금제 name =>>> (디즈니+) 5G 프리미어 플러스
내게 맞는 요금제 price =>>> 105,000
loading_finished
로딩 완료
{'ok': True, 'channel': 'C04F5T84SLS', 'ts': '1694649624.085449', 'message': {'bot_id': 'B04G5292QM8', 'type': 'message', 'text': '[PASS] - 모바일 요금제 페이지 정상 노출 및 요금제 신청/변경 기능 동작 확인 성공', 'user': 'U04G4UB82MR', 'ts': '1694649624.085449', 'app_id': 'A04EQSRFG3H', 'blocks': [{'type': 'rich_text', 'block_id': 'L0Qca', 'elements': [{'type': 'rich_text_section', 'elements': [{'type': 'text', 'text': '[PASS] - 모바일 요금제 페이지 정상 노출 및 요금제 신청/변경 기능 동작 확인 성공'}]}]}], 'team': 'T03DFLXTMQ9', 'bot_profile': {'id': 'B04G5292QM8', 'app_id': 'A04EQSRFG3H', 'name': 'jenkins-notification', 'icons': {'image_36': 'https://a.slack-edge.com/80588/img/plugins/app/bot_36.png', 'image_48': 'https://a.slack-edge.com/80588/img/plugins/app/bot_48.png', 'image_72': 'https://a.slack-edge.com/80588/img/plugins/app/service_72.png'}, 'deleted': False, 'updated': 1671612802, 'team_id': 'T03DFLXTMQ9'}}}
loading_finished
loading_finished
로딩 완료
current_url => : https://app.lguplus.com/plan/mplan
loading_finished
데이터 무제한(6)==데이터 무제한
caption_text => 데이터 무제한 팩 정보 : 월정액,데이터,스마트기기,카테고리팩,미디어팩,시그니처 가족할인 프로모션에 대한 표
len(table_list) => 6
데이터 일반(3)==데이터 일반
caption_text => 데이터 일반 팩 정보 : 월정액,데이터,스마트기기,카테고리팩,미디어팩,시그니처 가족할인 프로모션에 대한 표
len(table_list) => 3
시니어(4)==시니어
caption_text => 시니어 팩 정보 : 월정액,데이터,스마트기기,카테고리팩,미디어팩,시그니처 가족할인 프로모션에 대한 표
len(table_list) => 4
청소년(8)==청소년
caption_text => 청소년 팩 정보 : 월정액,데이터,스마트기기,카테고리팩,미디어팩,시그니처 가족할인 프로모션에 대한 표
len(table_list) => 8
복지(2)==복지
caption_text => 복지 팩 정보 : 월정액,데이터,스마트기기,카테고리팩,미디어팩,시그니처 가족할인 프로모션에 대한 표
len(table_list) => 2
현역병사(2)==현역병사
caption_text => 현역병사 팩 정보 : 월정액,데이터,스마트기기,카테고리팩,미디어팩,시그니처 가족할인 프로모션에 대한 표
len(table_list) => 2
카테고리팩(7)==CDMA
result/screenshot/img_R3CW20MW9QH_0.png
self.count =>>> 0
2023-09-14 09:13:46,629 - [FAIL] - 모바일기기 페이지 정상 노출 및 이벤트 링크 이동 및 상품 페이지 정상 이동 동작 확인 실패
Exception in thread Thread-1 (S23_TEST_CASE):
Traceback (most recent call last):
  File "C:\dev\remotePC_batchfiles\pubsub\appium_aos\pages\mobile.py", line 228, in mobile
    self.FC.action.move_to_element(title).click().perform()
    ^^^^^^^^^^^^^^^^^^^^^^^^^^^^^^^^^^^^^
  File "C:\dev\remotePC_batchfiles\pubsub\venv\Lib\site-packages\selenium\webdriver\common\action_chains.py", line 250, in move_to_element
    self.w3c_actions.pointer_action.move_to(to_element)
  File "C:\dev\remotePC_batchfiles\pubsub\venv\Lib\site-packages\selenium\webdriver\common\actions\pointer_actions.py", line 87, in move_to
    raise AttributeError("move_to requires a WebElement")
AttributeError: move_to requires a WebElement

During handling of the above exception, another exception occurred:

Traceback (most recent call last):
  File "C:\dev\remotePC_batchfiles\pubsub\appium_aos\__main__.py", line 440, in S23_TEST_CASE
    TEST.TestCase_S23()
  File "C:\dev\remotePC_batchfiles\pubsub\appium_aos\__main__.py", line 102, in TestCase_S23
    self.MobilePage.mobile()
  File "C:\dev\remotePC_batchfiles\pubsub\appium_aos\pages\mobile.py", line 347, in mobile
    self.DBG.screenshot()
  File "C:\dev\remotePC_batchfiles\pubsub\appium_aos\common\debug.py", line 201, in screenshot
    self.driver.save_screenshot(f"result/screenshot/img_{self.Driver.udid}_{self.Driver.getCount()}.png")            # 스크린 샷 저장
    ^^^^^^^^^^^^^^^^^^^^^^^^^^^^^^^^^^^^^^^^^^^^^^^^^^^^^^^^^^^^^^^^^^^^^^^^^^^^^^^^^^^^^^^^^^^^^^^^^^^^^
  File "C:\dev\remotePC_batchfiles\pubsub\venv\Lib\site-packages\selenium\webdriver\remote\webdriver.py", line 954, in save_screenshot
    return self.get_screenshot_as_file(filename)
           ^^^^^^^^^^^^^^^^^^^^^^^^^^^^^^^^^^^^^
  File "C:\dev\remotePC_batchfiles\pubsub\venv\Lib\site-packages\selenium\webdriver\remote\webdriver.py", line 929, in get_screenshot_as_file
    png = self.get_screenshot_as_png()
          ^^^^^^^^^^^^^^^^^^^^^^^^^^^^
  File "C:\dev\remotePC_batchfiles\pubsub\venv\Lib\site-packages\selenium\webdriver\remote\webdriver.py", line 965, in get_screenshot_as_png
    return b64decode(self.get_screenshot_as_base64().encode("ascii"))
                     ^^^^^^^^^^^^^^^^^^^^^^^^^^^^^^^
  File "C:\dev\remotePC_batchfiles\pubsub\venv\Lib\site-packages\selenium\webdriver\remote\webdriver.py", line 977, in get_screenshot_as_base64
    return self.execute(Command.SCREENSHOT)["value"]
           ^^^^^^^^^^^^^^^^^^^^^^^^^^^^^^^^
  File "C:\dev\remotePC_batchfiles\pubsub\venv\Lib\site-packages\selenium\webdriver\remote\webdriver.py", line 444, in execute
    self.error_handler.check_response(response)
  File "C:\dev\remotePC_batchfiles\pubsub\venv\Lib\site-packages\appium\webdriver\errorhandler.py", line 122, in check_response
    raise exception_class(msg=message, stacktrace=format_stacktrace(stacktrace))
selenium.common.exceptions.NoSuchWindowException: Message: no such window: target window already closed
from unknown error: web view not found
  (Session info: chrome=116.0.5845.172)
Stacktrace:
Backtrace:
	GetHandleVerifier [0x004C1C53+49427]
	(No symbol) [0x00455F41]
	(No symbol) [0x0035C64D]
	(No symbol) [0x003432E5]
	(No symbol) [0x003A868B]
	(No symbol) [0x003B6A63]
	(No symbol) [0x003A4816]
	(No symbol) [0x00381127]
	(No symbol) [0x003822AD]
	GetHandleVerifier [0x00717149+2496009]
	GetHandleVerifier [0x0075D572+2783794]
	GetHandleVerifier [0x00757491+2758993]
	GetHandleVerifier [0x005411D0+571024]
	(No symbol) [0x0045F96A]
	(No symbol) [0x0045BD88]
	(No symbol) [0x0045BE6B]
	(No symbol) [0x0044EA97]
	BaseThreadInitThunk [0x767700C9+25]
	RtlGetAppContainerNamedObjectPath [0x772F7B1E+286]
	RtlGetAppContainerNamedObjectPath [0x772F7AEE+238]


During handling of the above exception, another exception occurred:

Traceback (most recent call last):
  File "C:\Users\User\AppData\Local\Programs\Python\Python311\Lib\threading.py", line 1038, in _bootstrap_inner
    self.run()
  File "C:\Users\User\AppData\Local\Programs\Python\Python311\Lib\threading.py", line 975, in run
    self._target(*self._args, **self._kwargs)
  File "C:\dev\remotePC_batchfiles\pubsub\appium_aos\__main__.py", line 446, in S23_TEST_CASE
    raise RuntimeError(e)
RuntimeError: Message: no such window: target window already closed
from unknown error: web view not found
  (Session info: chrome=116.0.5845.172)
Stacktrace:
Backtrace:
	GetHandleVerifier [0x004C1C53+49427]
	(No symbol) [0x00455F41]
	(No symbol) [0x0035C64D]
	(No symbol) [0x003432E5]
	(No symbol) [0x003A868B]
	(No symbol) [0x003B6A63]
	(No symbol) [0x003A4816]
	(No symbol) [0x00381127]
	(No symbol) [0x003822AD]
	GetHandleVerifier [0x00717149+2496009]
	GetHandleVerifier [0x0075D572+2783794]
	GetHandleVerifier [0x00757491+2758993]
	GetHandleVerifier [0x005411D0+571024]
	(No symbol) [0x0045F96A]
	(No symbol) [0x0045BD88]
	(No symbol) [0x0045BE6B]
	(No symbol) [0x0044EA97]
	BaseThreadInitThunk [0x767700C9+25]
	RtlGetAppContainerNamedObjectPath [0x772F7B1E+286]
	RtlGetAppContainerNamedObjectPath [0x772F7AEE+238]

{'ok': True, 'channel': 'C04F5T84SLS', 'ts': '1694649642.046669', 'message': {'bot_id': 'B04G5292QM8', 'type': 'message', 'text': '[FAIL] - 모바일 요금제 &gt; 요금제 페이지 정상 노출 및 요금제 신청/변경 기능 동작 확인실패', 'user': 'U04G4UB82MR', 'ts': '1694649642.046669', 'app_id': 'A04EQSRFG3H', 'blocks': [{'type': 'rich_text', 'block_id': 'ubTi', 'elements': [{'type': 'rich_text_section', 'elements': [{'type': 'text', 'text': '[FAIL] - 모바일 요금제 > 요금제 페이지 정상 노출 및 요금제 신청/변경 기능 동작 확인실패'}]}]}], 'team': 'T03DFLXTMQ9', 'bot_profile': {'id': 'B04G5292QM8', 'app_id': 'A04EQSRFG3H', 'name': 'jenkins-notification', 'icons': {'image_36': 'https://a.slack-edge.com/80588/img/plugins/app/bot_36.png', 'image_48': 'https://a.slack-edge.com/80588/img/plugins/app/bot_48.png', 'image_72': 'https://a.slack-edge.com/80588/img/plugins/app/service_72.png'}, 'deleted': False, 'updated': 1671612802, 'team_id': 'T03DFLXTMQ9'}}}
{'ok': True, 'files': [{'id': 'F05RUNMQR7H', 'title': '이슈 이미지', 'created': 1694649642, 'timestamp': 1694649642, 'name': 'img_R3CW20MW9QH_0.png', 'mimetype': '', 'filetype': '', 'pretty_type': '', 'user': 'U04G4UB82MR', 'user_team': 'E05576J9Q8J', 'editable': False, 'size': 812891, 'mode': 'hosted', 'is_external': False, 'external_type': '', 'is_public': False, 'public_url_shared': False, 'display_as_bot': False, 'username': '', 'url_private': 'https://files.slack.com/files-pri/T05576J9Q8J-F05RUNMQR7H/img_r3cw20mw9qh_0.png', 'url_private_download': 'https://files.slack.com/files-pri/T05576J9Q8J-F05RUNMQR7H/download/img_r3cw20mw9qh_0.png', 'media_display_type': 'unknown', 'permalink': 'https://lguplus.enterprise.slack.com/files/U04G4UB82MR/F05RUNMQR7H/img_r3cw20mw9qh_0.png', 'permalink_public': 'https://slack-files.com/T05576J9Q8J-F05RUNMQR7H-e168ae6df2', 'is_starred': False, 'shares': {}, 'channels': [], 'groups': [], 'ims': [], 'has_more_shares': False, 'has_rich_preview': False, 'file_access': 'visible', 'comments_count': 0}], 'file': {'id': 'F05RUNMQR7H', 'title': '이슈 이미지', 'created': 1694649642, 'timestamp': 1694649642, 'name': 'img_R3CW20MW9QH_0.png', 'mimetype': '', 'filetype': '', 'pretty_type': '', 'user': 'U04G4UB82MR', 'user_team': 'E05576J9Q8J', 'editable': False, 'size': 812891, 'mode': 'hosted', 'is_external': False, 'external_type': '', 'is_public': False, 'public_url_shared': False, 'display_as_bot': False, 'username': '', 'url_private': 'https://files.slack.com/files-pri/T05576J9Q8J-F05RUNMQR7H/img_r3cw20mw9qh_0.png', 'url_private_download': 'https://files.slack.com/files-pri/T05576J9Q8J-F05RUNMQR7H/download/img_r3cw20mw9qh_0.png', 'media_display_type': 'unknown', 'permalink': 'https://lguplus.enterprise.slack.com/files/U04G4UB82MR/F05RUNMQR7H/img_r3cw20mw9qh_0.png', 'permalink_public': 'https://slack-files.com/T05576J9Q8J-F05RUNMQR7H-e168ae6df2', 'is_starred': False, 'shares': {}, 'channels': [], 'groups': [], 'ims': [], 'has_more_shares': False, 'has_rich_preview': False, 'file_access': 'visible', 'comments_count': 0}}
Traceback (most recent call last):
  File "C:\dev\remotePC_batchfiles\pubsub\appium_aos\pages\phone_plan.py", line 407, in phone_plan_2_S23
    assert check_text in tab_text, self.DBG.logger.FAIL(i+" 정상 노출 실패")
           ^^^^^^^^^^^^^^^^^^^^^^
AssertionError: None

loading_finished
loading_finished
loading_finished
current_url => : https://app.lguplus.com/mobile
current =>5G 휴대폰
self.FC.driver.current_url =>https://app.lguplus.com/mobile/5g-phone
current =>4G 휴대폰
self.FC.driver.current_url =>https://app.lguplus.com/mobile/4g-phone
current =>유심/eSIM 가입
self.FC.driver.current_url =>https://app.lguplus.com/mobile/sim-card/usim#
current =>자급제폰 등록
self.FC.driver.current_url =>https://app.lguplus.com/mobile/direct-smart-device/mem-rate/?P=4
current =>중고/리퍼/자급제폰
self.FC.driver.current_url =>https://app.lguplus.com/benefit-event/ongoing/239
current =>태블릿
self.FC.driver.current_url =>https://app.lguplus.com/mobile/tablet
current =>스마트워치
self.FC.driver.current_url =>https://app.lguplus.com/mobile/watch
current =>노트북
self.FC.driver.current_url =>https://app.lguplus.com/mobile/notebook
current =>액세서리
self.FC.driver.current_url =>https://app.lguplus.com/mobile/accessory
swipping 0
추천 == 추천
len(item.get_property('children')) => 3
item.get_property('children')[2].get_property('innerText') => 최신
인기
갤럭시 Z Flip 5 256GB

5G 프리미어 에센셜

선택약정24개월

휴대폰 61,950원

통신료 63,750원

최종 금액
월
125,700원
len(item.get_property('children')) => 3
item.get_property('children')[2].get_property('innerText') => 최신
갤럭시 Z Fold 5 256GB

5G 프리미어 에센셜

선택약정24개월

휴대폰 92,870원

통신료 63,750원

최종 금액
월
156,620원
len(item.get_property('children')) => 3
item.get_property('children')[2].get_property('innerText') => 최신
Z 플립5 가비지타임 장도고 에디션

5G 프리미어 에센셜

선택약정24개월

휴대폰 69,250원

통신료 63,750원

최종 금액
월
133,000원
len(item.get_property('children')) => 3
item.get_property('children')[2].get_property('innerText') => 인기
가성비
갤럭시 A24

추가 요금 걱정 없는 데이터 69

선택약정24개월

휴대폰 17,530원

통신료 46,920원

최종 금액
월
64,450원
len(item.get_property('children')) => 3
item.get_property('children')[2].get_property('innerText') => 인기
iPhone 13 mini 128G

5G 프리미어 에센셜

선택약정24개월

휴대폰 41,880원

통신료 63,750원

최종 금액
월
105,630원
len(item.get_property('children')) => 3
item.get_property('children')[2].get_property('innerText') => 인기
지원금확대
iPhone14 Pro_256

5G 프리미어 에센셜

선택약정24개월

휴대폰 75,000원

통신료 63,750원

최종 금액
월
138,750원
len(item.get_property('children')) => 3
item.get_property('children')[2].get_property('innerText') => 갤럭시 S23 Ultra 256GB

5G 프리미어 에센셜

선택약정24개월

휴대폰 70,810원

통신료 63,750원

최종 금액
월
134,560원
len(item.get_property('children')) => 3
item.get_property('children')[2].get_property('innerText') => 갤럭시 S23 256GB

5G 프리미어 에센셜

선택약정24개월

휴대폰 51,130원

통신료 63,750원

최종 금액
월
114,880원
삼성 == 삼성
len(item.get_property('children')) => 3
item.get_property('children')[2].get_property('innerText') => 최신
인기
갤럭시 Z Flip 5 256GB

5G 프리미어 에센셜

선택약정24개월

휴대폰 61,950원

통신료 63,750원

최종 금액
월
125,700원
len(item.get_property('children')) => 3
item.get_property('children')[2].get_property('innerText') => 최신
갤럭시 Z Fold 5 256GB

5G 프리미어 에센셜

선택약정24개월

휴대폰 92,870원

통신료 63,750원

최종 금액
월
156,620원
len(item.get_property('children')) => 3
item.get_property('children')[2].get_property('innerText') => 최신
Z 플립5 가비지타임 장도고 에디션

5G 프리미어 에센셜

선택약정24개월

휴대폰 69,250원

통신료 63,750원

최종 금액
월
133,000원
len(item.get_property('children')) => 3
item.get_property('children')[2].get_property('innerText') => 인기
가성비
갤럭시 A24

추가 요금 걱정 없는 데이터 69

선택약정24개월

휴대폰 17,530원

통신료 46,920원

최종 금액
월
64,450원
len(item.get_property('children')) => 3
item.get_property('children')[2].get_property('innerText') => 갤럭시 S23 Ultra 256GB

5G 프리미어 에센셜

선택약정24개월

휴대폰 70,810원

통신료 63,750원

최종 금액
월
134,560원
len(item.get_property('children')) => 3
item.get_property('children')[2].get_property('innerText') => 갤럭시 S23 256GB

5G 프리미어 에센셜

선택약정24개월

휴대폰 51,130원

통신료 63,750원

최종 금액
월
114,880원
len(item.get_property('children')) => 3
item.get_property('children')[2].get_property('innerText') => 최신
갤럭시 Z Fold 5 512GB

5G 프리미어 에센셜

선택약정24개월

휴대폰 98,230원

통신료 63,750원

최종 금액
월
161,980원
len(item.get_property('children')) => 3
item.get_property('children')[2].get_property('innerText') => U+단독
Galaxy Buddy 2

5G 라이트+

선택약정24개월

휴대폰 17,670원

통신료 41,250원

최종 금액
월
58,920원
Apple == Apple
len(item.get_property('children')) => 3
item.get_property('children')[2].get_property('innerText') => 인기
지원금확대
iPhone14 Pro Max_256

5G 프리미어 에센셜

선택약정24개월

휴대폰 83,760원

통신료 63,750원

최종 금액
월
147,510원
len(item.get_property('children')) => 3
item.get_property('children')[2].get_property('innerText') => 인기
지원금확대
iPhone14 Pro_256

5G 프리미어 에센셜

선택약정24개월

휴대폰 75,000원

통신료 63,750원

최종 금액
월
138,750원
len(item.get_property('children')) => 3
item.get_property('children')[2].get_property('innerText') => 인기
iPhone 13 mini 128G

5G 프리미어 에센셜

선택약정24개월

휴대폰 41,880원

통신료 63,750원

최종 금액
월
105,630원
len(item.get_property('children')) => 3
item.get_property('children')[2].get_property('innerText') => 지원금확대
iPhone14 Pro_128

5G 프리미어 에센셜

선택약정24개월

휴대폰 68,180원

통신료 63,750원

최종 금액
월
131,930원
len(item.get_property('children')) => 3
item.get_property('children')[2].get_property('innerText') => 지원금확대
iPhone14 Pro Max_128

5G 프리미어 에센셜

선택약정24개월

휴대폰 77,430원

통신료 63,750원

최종 금액
월
141,180원
len(item.get_property('children')) => 3
item.get_property('children')[2].get_property('innerText') => iPhone14_256

5G 프리미어 에센셜

선택약정24개월

휴대폰 61,850원

통신료 63,750원

최종 금액
월
125,600원
len(item.get_property('children')) => 3
item.get_property('children')[2].get_property('innerText') => iPhone14 Plus_256

5G 프리미어 에센셜

선택약정24개월

휴대폰 66,230원

통신료 63,750원

최종 금액
월
129,980원
len(item.get_property('children')) => 3
item.get_property('children')[2].get_property('innerText') => iPhone14 Plus_128

5G 프리미어 에센셜

선택약정24개월

휴대폰 59,410원

통신료 63,750원

최종 금액
월
123,160원
가성비폰 == 가성비폰
len(item.get_property('children')) => 3
item.get_property('children')[2].get_property('innerText') => 인기
가성비
갤럭시 A24

추가 요금 걱정 없는 데이터 69

선택약정24개월

휴대폰 17,530원

통신료 46,920원

최종 금액
월
64,450원
len(item.get_property('children')) => 3
item.get_property('children')[2].get_property('innerText') => U+단독
Galaxy Buddy 2

5G 라이트+

선택약정24개월

휴대폰 17,670원

통신료 41,250원

최종 금액
월
58,920원
len(item.get_property('children')) => 3
item.get_property('children')[2].get_property('innerText') => 가성비
갤럭시 A34 5G

5G 라이트+

선택약정24개월

휴대폰 22,110원

통신료 41,250원

최종 금액
월
63,360원
len(item.get_property('children')) => 3
item.get_property('children')[2].get_property('innerText') => U+키즈폰 with 춘식이

LTE 키즈 22(만 12세 이하)

선택약정24개월

휴대폰 14,250원

통신료 16,500원

최종 금액
월
30,750원
len(item.get_property('children')) => 3
item.get_property('children')[2].get_property('innerText') => 가성비
MIVE 스타일폴더 블랙

추가 요금 걱정 없는 데이터 69

선택약정24개월

휴대폰 10,520원

통신료 46,920원

최종 금액
월
57,440원
swipping 0
random num => 3
random num => 0
random num => 0
check_value => ['17,600', '18,700', '5,500']
현재 페이지 views -> ['NATIVE_APP', 'WEBVIEW_com.lguplus.mobile.cs']
현재 페이지 views -> ['NATIVE_APP', 'WEBVIEW_com.lguplus.mobile.cs']
switch_viwe 실행 전 뷰 : WEBVIEW_com.lguplus.mobile.cs
switch_viwe 실행 후 뷰 : NATIVE_APP
해당 페이지에서 요소를 찾을 수 없습니다. => try count: 1
해당 페이지에서 요소를 찾을 수 없습니다. => try count: 2
해당 페이지에서 요소를 찾을 수 없습니다. => try count: 1
해당 페이지에서 요소를 찾을 수 없습니다. => try count: 2
해당 페이지에서 요소를 찾을 수 없습니다. => try count: 1
해당 페이지에서 요소를 찾을 수 없습니다. => try count: 2
해당 페이지에서 요소를 찾을 수 없습니다. => try count: 1
해당 페이지에서 요소를 찾을 수 없습니다. => try count: 2
현재 페이지 views -> ['NATIVE_APP', 'WEBVIEW_chrome', 'WEBVIEW_com.lguplus.mobile.cs']
switch_viwe 실행 전 뷰 : NATIVE_APP
Message: An unknown server-side error occurred while processing the command. Original error: An unknown server-side error occurred while processing the command. Original error: chrome not reachable
Stacktrace:
UnknownError: An unknown server-side error occurred while processing the command. Original error: An unknown server-side error occurred while processing the command. Original error: chrome not reachable
    at getResponseForW3CError (C:\Users\User\AppData\Roaming\npm\node_modules\appium\node_modules\@appium\base-driver\lib\protocol\errors.js:1073:9)
    at asyncHandler (C:\Users\User\AppData\Roaming\npm\node_modules\appium\node_modules\@appium\base-driver\lib\protocol\protocol.js:491:57)
현재 페이지 views -> ['NATIVE_APP', 'WEBVIEW_chrome', 'WEBVIEW_com.lguplus.mobile.cs']
switch_viwe 실행 전 뷰 : NATIVE_APP
switch_viwe 실행 후 뷰 : WEBVIEW_chrome
price_list ========================================>
[<appium.webdriver.webelement.WebElement (session="4e4ee1e2-2abb-46f3-8113-3088f18ce96c", element="C6C65AE4AB93C5B46358B45773123FFA_element_29")>, <appium.webdriver.webelement.WebElement (session="4e4ee1e2-2abb-46f3-8113-3088f18ce96c", element="C6C65AE4AB93C5B46358B45773123FFA_element_39")>, <appium.webdriver.webelement.WebElement (session="4e4ee1e2-2abb-46f3-8113-3088f18ce96c", element="C6C65AE4AB93C5B46358B45773123FFA_element_49")>, <appium.webdriver.webelement.WebElement (session="4e4ee1e2-2abb-46f3-8113-3088f18ce96c", element="C6C65AE4AB93C5B46358B45773123FFA_element_59")>]
17,600 == - 17,600원 할인
18,700 == - 18,700원 할인
5,500 == - 5,500원 할인
현재 페이지 views -> ['NATIVE_APP', 'WEBVIEW_com.lguplus.mobile.cs']
switch_viwe 실행 전 뷰 : WEBVIEW_chrome
Message: An unknown server-side error occurred while processing the command. Original error: Can't restart when we're not online
Stacktrace:
UnknownError: An unknown server-side error occurred while processing the command. Original error: Can't restart when we're not online
    at getResponseForW3CError (C:\Users\User\AppData\Roaming\npm\node_modules\appium\node_modules\@appium\base-driver\lib\protocol\errors.js:1073:9)
    at asyncHandler (C:\Users\User\AppData\Roaming\npm\node_modules\appium\node_modules\@appium\base-driver\lib\protocol\protocol.js:491:57)
해당 페이지에서 요소를 찾을 수 없습니다. => try count: 1
해당 페이지에서 요소를 찾을 수 없습니다. => try count: 2
해당 페이지에서 요소를 찾을 수 없습니다. => try count: 3
result/screenshot/img_R3CW20MW9QH_1.png
self.count =>>> 1
----------- appium server stop -----------
True
===== test thread end =====
